[netizensstore.com/gymfit_theme/html/endurance/index.html]
[backblue.gif]
[fade.gif]
[index.html]
[netizensstore.com/gymfit_theme/html/endurance/assets/images/thumbnail.webp]
[netizensstore.com/gymfit_theme/html/endurance/assets/images/transformation.webp]
[netizensstore.com/gymfit_theme/html/endurance/about-us.html]
[netizensstore.com/gymfit_theme/html/endurance/gallery.html]
[netizensstore.com/gymfit_theme/html/endurance/blog.html]
[netizensstore.com/gymfit_theme/html/endurance/contact-us.html]
[netizensstore.com/gymfit_theme/html/endurance/404.html]
[netizensstore.com/gymfit_theme/html/endurance/coming-soon.html]
[netizensstore.com/gymfit_theme/html/endurance/site-map.html]
[netizensstore.com/gymfit_theme/html/endurance/assets/images/background/banner-img.webp]
[netizensstore.com/gymfit_theme/html/endurance/assets/images/background/members.webp]
[netizensstore.com/gymfit_theme/html/endurance/assets/images/background/success-1.webp]
[netizensstore.com/gymfit_theme/html/endurance/assets/images/background/success-2.webp]
[netizensstore.com/gymfit_theme/html/endurance/assets/images/background/about-img.webp]
[netizensstore.com/gymfit_theme/html/endurance/assets/images/white-logo.webp]
[netizensstore.com/gymfit_theme/html/endurance/assets/images/background/cta-mockup.webp]
[netizensstore.com/gymfit_theme/html/endurance/assets/images/background/stand-with-img.webp]
[netizensstore.com/gymfit_theme/html/endurance/assets/images/background/special-1.webp]
[netizensstore.com/gymfit_theme/html/endurance/assets/images/background/special-2.webp]
[netizensstore.com/gymfit_theme/html/endurance/assets/images/clients/client-img.webp]
[netizensstore.com/gymfit_theme/html/endurance/assets/images/background/review-img.webp]
[netizensstore.com/gymfit_theme/html/endurance/assets/images/background/review-img-2.webp]
[netizensstore.com/gymfit_theme/html/endurance/assets/images/blog/blog-8.webp]
[netizensstore.com/gymfit_theme/html/endurance/blog-details.html]
[netizensstore.com/gymfit_theme/html/endurance/assets/images/blog/blog-9.webp]
[netizensstore.com/gymfit_theme/html/endurance/assets/images/background/paper-texture.webp]
[netizensstore.com/gymfit_theme/html/endurance/assets/images/instagram/instagram-img-1.webp]
[netizensstore.com/gymfit_theme/html/endurance/assets/images/instagram/instagram-img-2.webp]
[netizensstore.com/gymfit_theme/html/endurance/assets/images/instagram/instagram-img-3.webp]
[netizensstore.com/gymfit_theme/html/endurance/assets/images/instagram/instagram-img-4.webp]
[netizensstore.com/gymfit_theme/html/endurance/assets/images/instagram/instagram-img-5.webp]
[netizensstore.com/gymfit_theme/html/endurance/assets/images/instagram/instagram-img-6.webp]
[netizensstore.com/gymfit_theme/html/endurance/assets/images/instagram/instagram-img-7.webp]
[netizensstore.com/gymfit_theme/html/endurance/assets/images/instagram/instagram-img-8.webp]
[netizensstore.com/gymfit_theme/html/endurance/assets/images/instagram/instagram-img-9.webp]
[netizensstore.com/gymfit_theme/html/endurance/assets/video/video.mp4]
[netizensstore.com/gymfit_theme/html/endurance/assets/vendors/jquery/jquery.min.js]
[netizensstore.com/gymfit_theme/html/endurance/assets/vendors/bootstrap/js/bootstrap.js]
[netizensstore.com/gymfit_theme/html/endurance/assets/vendors/swiper/js/swiper-bundle.min.js]
[netizensstore.com/gymfit_theme/html/endurance/assets/vendors/animation/js/animation.js]
[netizensstore.com/gymfit_theme/html/endurance/assets/js/main.js]
[netizensstore.com/gymfit_theme/html/endurance/index.html]
[netizensstore.com/gymfit_theme/html/endurance/assets/images/favicon.svg]
[netizensstore.com/gymfit_theme/html/endurance/assets/vendors/bootstrap/css/bootstrap.css]
[netizensstore.com/gymfit_theme/html/endurance/assets/vendors/swiper/css/swiper-bundle.min.css]
[netizensstore.com/gymfit_theme/html/endurance/assets/vendors/animation/css/animation.css]
[netizensstore.com/gymfit_theme/html/endurance/assets/images/background/breadcrumbs-img.webp]
[netizensstore.com/gymfit_theme/html/endurance/assets/images/background/error-img-1.webp]
[netizensstore.com/gymfit_theme/html/endurance/assets/images/background/error-img-2.webp]
[netizensstore.com/gymfit_theme/html/endurance/assets/images/background/pricing-paper-texture.webp]
[netizensstore.com/gymfit_theme/html/endurance/assets/images/background/map-img.webp]
[netizensstore.com/gymfit_theme/html/endurance/assets/css/app.css]
[netizensstore.com/gymfit_theme/html/endurance/assets/images/logo.svg]
[netizensstore.com/gymfit_theme/html/endurance/assets/images/background/stand-with-img-2.webp]
[netizensstore.com/gymfit_theme/html/endurance/assets/images/background/mission-img.webp]
[netizensstore.com/gymfit_theme/html/endurance/assets/images/team/team-1.webp]
[netizensstore.com/gymfit_theme/html/endurance/assets/images/team/team-2.webp]
[netizensstore.com/gymfit_theme/html/endurance/assets/images/team/team-3.webp]
[netizensstore.com/gymfit_theme/html/endurance/assets/images/team/team-4.webp]
[netizensstore.com/gymfit_theme/html/endurance/about-us.html]
[netizensstore.com/gymfit_theme/html/endurance/assets/images/gallery/gallery-1.webp]
[netizensstore.com/gymfit_theme/html/endurance/assets/images/gallery/gallery-2.webp]
[netizensstore.com/gymfit_theme/html/endurance/assets/images/gallery/gallery-3.webp]
[netizensstore.com/gymfit_theme/html/endurance/assets/images/gallery/gallery-4.webp]
[netizensstore.com/gymfit_theme/html/endurance/assets/images/gallery/gallery-5.webp]
[netizensstore.com/gymfit_theme/html/endurance/assets/images/gallery/gallery-6.webp]
[netizensstore.com/gymfit_theme/html/endurance/assets/images/gallery/gallery-7.webp]
[netizensstore.com/gymfit_theme/html/endurance/assets/images/gallery/gallery-8.webp]
[netizensstore.com/gymfit_theme/html/endurance/assets/images/gallery/gallery-9.webp]
[netizensstore.com/gymfit_theme/html/endurance/gallery.html]
[netizensstore.com/gymfit_theme/html/endurance/assets/images/blog/blog-1.webp]
[netizensstore.com/gymfit_theme/html/endurance/assets/images/blog/blog-2.webp]
[netizensstore.com/gymfit_theme/html/endurance/assets/images/blog/blog-3.webp]
[netizensstore.com/gymfit_theme/html/endurance/assets/images/blog/blog-4.webp]
[netizensstore.com/gymfit_theme/html/endurance/assets/images/blog/blog-5.webp]
[netizensstore.com/gymfit_theme/html/endurance/assets/images/blog/blog-6.webp]
[netizensstore.com/gymfit_theme/html/endurance/assets/images/blog/blog-7.webp]
[netizensstore.com/gymfit_theme/html/endurance/blog.html]
[netizensstore.com/gymfit_theme/html/endurance/assets/vendors/nice-select/js/jquery.nice-select.min.js]
[netizensstore.com/gymfit_theme/html/endurance/contact-us.html]
[netizensstore.com/gymfit_theme/html/endurance/assets/images/background/error-img.webp]
[netizensstore.com/gymfit_theme/html/endurance/404.html]
[netizensstore.com/gymfit_theme/html/endurance/coming-soon.html]
[netizensstore.com/gymfit_theme/html/endurance/assets/images/background/sitemap-img.webp]
[netizensstore.com/gymfit_theme/html/endurance/site-map.html]
[netizensstore.com/gymfit_theme/html/endurance/assets/images/icon/toggle-icon.svg]
[netizensstore.com/gymfit_theme/html/endurance/assets/images/background/strips.svg]
[netizensstore.com/gymfit_theme/html/endurance/assets/images/background/line-pettern.svg]
[netizensstore.com/gymfit_theme/html/endurance/assets/images/icon/btn-arrow.svg]
[netizensstore.com/gymfit_theme/html/endurance/assets/images/icon/success-icon.svg]
[netizensstore.com/gymfit_theme/html/endurance/assets/images/icon/success-icon-2.svg]
[netizensstore.com/gymfit_theme/html/endurance/assets/images/background/cta-appstore-img.svg]
[netizensstore.com/gymfit_theme/html/endurance/assets/images/icon/marquee-icon.svg]
[netizensstore.com/gymfit_theme/html/endurance/assets/images/icon/pricing-icon.svg]
[netizensstore.com/gymfit_theme/html/endurance/assets/images/icon/pricing-icon-2.svg]
[netizensstore.com/gymfit_theme/html/endurance/assets/images/background/client-pettern.svg]
[netizensstore.com/gymfit_theme/html/endurance/assets/images/icon/stars.svg]
[netizensstore.com/gymfit_theme/html/endurance/assets/images/icon/arrow-right.svg]
[netizensstore.com/gymfit_theme/html/endurance/assets/images/blog/blog-dtls-1.webp]
[netizensstore.com/gymfit_theme/html/endurance/assets/images/blog/blog-dtls-2.webp]
[netizensstore.com/gymfit_theme/html/endurance/assets/images/background/comment-img-1.webp]
[netizensstore.com/gymfit_theme/html/endurance/assets/images/background/comment-img-2.webp]
[netizensstore.com/gymfit_theme/html/endurance/assets/images/background/post-img.webp]
[netizensstore.com/gymfit_theme/html/endurance/blog-details.html]
[netizensstore.com/gymfit_theme/html/endurance/assets/images/footer-logo.svg]
[netizensstore.com/gymfit_theme/html/endurance/assets/images/icon/facebook.svg]
[netizensstore.com/gymfit_theme/html/endurance/assets/images/icon/instagram.svg]
[netizensstore.com/gymfit_theme/html/endurance/assets/images/icon/twitter.svg]
[netizensstore.com/gymfit_theme/html/endurance/assets/images/icon/youtube.svg]
[netizensstore.com/gymfit_theme/html/endurance/assets/images/icon/linkedln.svg]
[netizensstore.com/gymfit_theme/html/endurance/assets/images/icon/visa-card.svg]
[netizensstore.com/gymfit_theme/html/endurance/assets/images/icon/arrow-up.svg]
[netizensstore.com/gymfit_theme/html/endurance/assets/images/background/header-menu-lines.svg]
[netizensstore.com/gymfit_theme/html/endurance/assets/images/icon/header-arrow.svg]
[netizensstore.com/gymfit_theme/html/endurance/assets/images/background/error-page-lines.svg]
[netizensstore.com/gymfit_theme/html/endurance/assets/images/icon/gradient-arrow.svg]
[netizensstore.com/gymfit_theme/html/endurance/assets/images/background/banner-pettern.svg]
[netizensstore.com/gymfit_theme/html/endurance/assets/images/background/cta-line.svg]
[netizensstore.com/gymfit_theme/html/endurance/assets/images/background/stand-with-pettern.svg]
[netizensstore.com/gymfit_theme/html/endurance/assets/images/background/pricing-bg.svg]
[netizensstore.com/gymfit_theme/html/endurance/assets/images/background/special-line.svg]
[netizensstore.com/gymfit_theme/html/endurance/assets/images/background/special-pettern.svg]
[netizensstore.com/gymfit_theme/html/endurance/assets/images/background/special-pettern-2.svg]
[netizensstore.com/gymfit_theme/html/endurance/assets/images/team/team-bg.svg]
[netizensstore.com/gymfit_theme/html/endurance/assets/images/icon/quote.svg]
[netizensstore.com/gymfit_theme/html/endurance/assets/images/background/contact-lines.svg]
[netizensstore.com/gymfit_theme/html/endurance/assets/vendors/nice-select/css/nice-select.css]
[netizensstore.com/gymfit_theme/html/endurance/assets/images/icon/call.svg]
[netizensstore.com/gymfit_theme/html/endurance/assets/images/icon/mail.svg]
[netizensstore.com/gymfit_theme/html/endurance/assets/images/icon/star-icon.svg]
[netizensstore.com/gymfit_theme/html/endurance/assets/images/icon/search-icon.svg]
[netizensstore.com/gymfit_theme/html/endurance/sitemap.html]
[netizensstore.com/gymfit_theme/html/endurance/assets/images/icon/forward-icon.svg]
[netizensstore.com/gymfit_theme/html/endurance/assets/images/icon/more-icon.svg]
